Using pre-set license
Built from '2022.3/respin/2022.3.62f2-4af31df585-v2' branch; Version is '2022.3.62f3 (96770f904ca7) revision 9860879'; Using compiler version '192829333'; Build Type 'Release'
OS: 'Windows 11  (10.0.26200) 64bit Professional' Language: 'tr' Physical Memory: 16197 MB
BatchMode: 1, IsHumanControllingUs: 0, StartBugReporterOnCrash: 0, Is64bit: 1, IsPro: 1

COMMAND LINE ARGUMENTS:
C:\Program Files\Unity\Hub\Editor\2022.3.62f3\Editor\Unity.exe
-adb2
-batchMode
-noUpm
-name
AssetImportWorker0
-projectPath
C:/Oyun/fish_restorant
-logFile
Logs/AssetImportWorker0.log
-srvPort
60290
Successfully changed project path to: C:/Oyun/fish_restorant
C:/Oyun/fish_restorant
[UnityMemory] Configuration Parameters - Can be set up in boot.config
    "memorysetup-bucket-allocator-granularity=16"
    "memorysetup-bucket-allocator-bucket-count=8"
    "memorysetup-bucket-allocator-block-size=33554432"
    "memorysetup-bucket-allocator-block-count=8"
    "memorysetup-main-allocator-block-size=16777216"
    "memorysetup-thread-allocator-block-size=16777216"
    "memorysetup-gfx-main-allocator-block-size=16777216"
    "memorysetup-gfx-thread-allocator-block-size=16777216"
    "memorysetup-cache-allocator-block-size=4194304"
    "memorysetup-typetree-allocator-block-size=2097152"
    "memorysetup-profiler-bucket-allocator-granularity=16"
    "memorysetup-profiler-bucket-allocator-bucket-count=8"
    "memorysetup-profiler-bucket-allocator-block-size=33554432"
    "memorysetup-profiler-bucket-allocator-block-count=8"
    "memorysetup-profiler-allocator-block-size=16777216"
    "memorysetup-profiler-editor-allocator-block-size=1048576"
    "memorysetup-temp-allocator-size-main=16777216"
    "memorysetup-job-temp-allocator-block-size=2097152"
    "memorysetup-job-temp-allocator-block-size-background=1048576"
    "memorysetup-job-temp-allocator-reduction-small-platforms=262144"
    "memorysetup-allocator-temp-initial-block-size-main=262144"
    "memorysetup-allocator-temp-initial-block-size-worker=262144"
    "memorysetup-temp-allocator-size-background-worker=32768"
    "memorysetup-temp-allocator-size-job-worker=262144"
    "memorysetup-temp-allocator-size-preload-manager=33554432"
    "memorysetup-temp-allocator-size-nav-mesh-worker=65536"
    "memorysetup-temp-allocator-size-audio-worker=65536"
    "memorysetup-temp-allocator-size-cloud-worker=32768"
    "memorysetup-temp-allocator-size-gi-baking-worker=262144"
    "memorysetup-temp-allocator-size-gfx=262144"
Player connection [4732]  Target information:

Player connection [4732]  * "[IP] 192.168.1.5 [Port] 0 [Flags] 2 [Guid] 2339995044 [EditorId] 2339995044 [Version] 1048832 [Id] WindowsEditor(7,DESKTOP-742O6V0) [Debug] 1 [PackageName] WindowsEditor [ProjectName] Editor" 

Player connection [4732] Host joined multi-casting on [225.0.0.222:54997]...
Player connection [4732] Host joined alternative multi-casting on [225.0.0.222:34997]...
Input System module state changed to: Initialized.
[PhysX] Initialized MultithreadedTaskDispatcher with 12 workers.
Refreshing native plugins compatible for Editor in 76.90 ms, found 4 plugins.
Preloading 0 native plugins for Editor in 0.00 ms.
Initialize engine version: 2022.3.62f3 (96770f904ca7)
[Subsystems] Discovering subsystems at path C:/Program Files/Unity/Hub/Editor/2022.3.62f3/Editor/Data/Resources/UnitySubsystems
[Subsystems] Discovering subsystems at path C:/Oyun/fish_restorant/Assets
GfxDevice: creating device client; threaded=0; jobified=0
Direct3D:
    Version:  Direct3D 11.0 [level 11.1]
    Renderer: NVIDIA GeForce RTX 3070 (ID=0x2488)
    Vendor:   NVIDIA
    VRAM:     8018 MB
    Driver:   32.0.15.9186
Initialize mono
Mono path[0] = 'C:/Program Files/Unity/Hub/Editor/2022.3.62f3/Editor/Data/Managed'
Mono path[1] = 'C:/Program Files/Unity/Hub/Editor/2022.3.62f3/Editor/Data/MonoBleedingEdge/lib/mono/unityjit-win32'
Mono config path = 'C:/Program Files/Unity/Hub/Editor/2022.3.62f3/Editor/Data/MonoBleedingEdge/etc'
Using monoOptions --debugger-agent=transport=dt_socket,embedding=1,server=y,suspend=n,address=127.0.0.1:56516
Begin MonoManager ReloadAssembly
Registering precompiled unity dll's ...
Register platform support module: C:/Program Files/Unity/Hub/Editor/2022.3.62f3/Editor/Data/PlaybackEngines/WebGLSupport/UnityEditor.WebGL.Extensions.dll
Register platform support module: C:/Program Files/Unity/Hub/Editor/2022.3.62f3/Editor/Data/PlaybackEngines/MacStandaloneSupport/UnityEditor.OSXStandalone.Extensions.dll
Register platform support module: C:/Program Files/Unity/Hub/Editor/2022.3.62f3/Editor/Data/PlaybackEngines/WindowsStandaloneSupport/UnityEditor.WindowsStandalone.Extensions.dll
Register platform support module: C:/Program Files/Unity/Hub/Editor/2022.3.62f3/Editor/Data/PlaybackEngines/MetroSupport/UnityEditor.UWP.Extensions.dll
Registered in 0.014982 seconds.
- Loaded All Assemblies, in  0.616 seconds
Native extension for UWP target not found
Native extension for WindowsStandalone target not found
Native extension for OSXStandalone target not found
Native extension for WebGL target not found
Mono: successfully reloaded assembly
- Finished resetting the current domain, in  0.369 seconds
Domain Reload Profiling: 982ms
	BeginReloadAssembly (243ms)
		ExecutionOrderSort (0ms)
		DisableScriptedObjects (0ms)
		BackupInstance (0ms)
		ReleaseScriptingObjects (0ms)
		CreateAndSetChildDomain (1ms)
	RebuildCommonClasses (50ms)
	RebuildNativeTypeToScriptingClass (17ms)
	initialDomainReloadingComplete (81ms)
	LoadAllAssembliesAndSetupDomain (221ms)
		LoadAssemblies (239ms)
		RebuildTransferFunctionScriptingTraits (0ms)
		AnalyzeDomain (217ms)
			TypeCache.Refresh (214ms)
				TypeCache.ScanAssembly (192ms)
			ScanForSourceGeneratedMonoScriptInfo (1ms)
			ResolveRequiredComponents (1ms)
	FinalizeReload (369ms)
		ReleaseScriptCaches (0ms)
		RebuildScriptCaches (0ms)
		SetupLoadedEditorAssemblies (304ms)
			LogAssemblyErrors (0ms)
			InitializePlatformSupportModulesInManaged (25ms)
			SetLoadedEditorAssemblies (7ms)
			RefreshPlugins (0ms)
			BeforeProcessingInitializeOnLoad (3ms)
			ProcessInitializeOnLoadAttributes (204ms)
			ProcessInitializeOnLoadMethodAttributes (65ms)
			AfterProcessingInitializeOnLoad (0ms)
			EditorAssembliesLoaded (0ms)
		ExecutionOrderSort2 (0ms)
		AwakeInstancesAfterBackupRestoration (0ms)
========================================================================
Worker process is ready to serve import requests
Caller must complete domain reload
Begin MonoManager ReloadAssembly
- Loaded All Assemblies, in  2.034 seconds
Native extension for UWP target not found
Native extension for WindowsStandalone target not found
Native extension for OSXStandalone target not found
Native extension for WebGL target not found
Package Manager log level set to [2]
[Package Manager] Server::EnsureServerProcessIsRunning -- launch failed, reason: Unity was launched with the -noUpm command-line argument
[Package Manager] UpmClient::Send -- Unable to send message (not connected to UPM process).
[Package Manager] Cannot connect to Unity Package Manager local server
System.InvalidOperationException: Could not determine the Coplay plugin installation path.
  at Coplay.Services.ApplicationPaths..ctor (System.IO.Abstractions.<bb65ca26-0720-4eb0-b5ec-28e5e773a611>IFileSystem fileSystem, System.String dataPath) [0x001a7] in <2370cefae74842df9eff2bc38df7450a>:0 
  at Coplay.Services.ApplicationPaths..ctor () [0x0000b] in <2370cefae74842df9eff2bc38df7450a>:0 
  at (wrapper managed-to-native) System.Reflection.RuntimeConstructorInfo.InternalInvoke(System.Reflection.RuntimeConstructorInfo,object,object[],System.Exception&)
  at System.Reflection.RuntimeConstructorInfo.InternalInvoke (System.Object obj, System.Object[] parameters, System.Boolean wrapExceptions) [0x0001b] in <1071a2cb0cb3433aae80a793c277a048>:0 
  at System.Reflection.RuntimeConstructorInfo.DoInvoke (System.Object obj, System.Reflection.BindingFlags invokeAttr, System.Reflection.Binder binder, System.Object[] parameters, System.Globalization.CultureInfo culture) [0x00086] in <1071a2cb0cb3433aae80a793c277a048>:0 
  at System.Reflection.RuntimeConstructorInfo.Invoke (System.Reflection.BindingFlags invokeAttr, System.Reflection.Binder binder, System.Object[] parameters, System.Globalization.CultureInfo culture) [0x00000] in <1071a2cb0cb3433aae80a793c277a048>:0 
  at Microsoft.Extensions.DependencyInjection.ServiceLookup.<fd845d3f-5554-448e-8276-c390248dec8b>CallSiteRuntimeResolver.VisitConstructor (Microsoft.Extensions.DependencyInjection.ServiceLookup.<fd845d3f-5554-448e-8276-c390248dec8b>ConstructorCallSite constructorCallSite, Microsoft.Extensions.DependencyInjection.ServiceLookup.<fd845d3f-5554-448e-8276-c390248dec8b>RuntimeResolverContext context) [0x00045] in <2370cefae74842df9eff2bc38df7450a>:0 
  at Microsoft.Extensions.DependencyInjection.ServiceLookup.<fd845d3f-5554-448e-8276-c390248dec8b>CallSiteVisitor`2[TArgument,TResult].VisitCallSiteMain (Microsoft.Extensions.DependencyInjection.ServiceLookup.<fd845d3f-5554-448e-8276-c390248dec8b>ServiceCallSite callSite, TArgument argument) [0x0003f] in <2370cefae74842df9eff2bc38df7450a>:0 
  at Microsoft.Extensions.DependencyInjection.ServiceLookup.<fd845d3f-5554-448e-8276-c390248dec8b>CallSiteRuntimeResolver.VisitRootCache (Microsoft.Extensions.DependencyInjection.ServiceLookup.<fd845d3f-5554-448e-8276-c390248dec8b>ServiceCallSite callSite, Microsoft.Extensions.DependencyInjection.ServiceLookup.<fd845d3f-5554-448e-8276-c390248dec8b>RuntimeResolverContext context) [0x00061] in <2370cefae74842df9eff2bc38df7450a>:0 
  at Microsoft.Extensions.DependencyInjection.ServiceLookup.<fd845d3f-5554-448e-8276-c390248dec8b>CallSiteVisitor`2[TArgument,TResult].VisitCallSite (Microsoft.Extensions.DependencyInjection.ServiceLookup.<fd845d3f-5554-448e-8276-c390248dec8b>ServiceCallSite callSite, TArgument argument) [0x0004f] in <2370cefae74842df9eff2bc38df7450a>:0 
  at Microsoft.Extensions.DependencyInjection.ServiceLookup.<fd845d3f-5554-448e-8276-c390248dec8b>CallSiteRuntimeResolver.Resolve (Microsoft.Extensions.DependencyInjection.ServiceLookup.<fd845d3f-5554-448e-8276-c390248dec8b>ServiceCallSite callSite, Microsoft.Extensions.DependencyInjection.ServiceLookup.<fd845d3f-5554-448e-8276-c390248dec8b>ServiceProviderEngineScope scope) [0x00026] in <2370cefae74842df9eff2bc38df7450a>:0 
  at Microsoft.Extensions.DependencyInjection.<fd845d3f-5554-448e-8276-c390248dec8b>ServiceProvider.CreateServiceAccessor (Microsoft.Extensions.DependencyInjection.ServiceLookup.<fd845d3f-5554-448e-8276-c390248dec8b>ServiceIdentifier serviceIdentifier) [0x00055] in <2370cefae74842df9eff2bc38df7450a>:0 
  at System.Collections.Concurrent.ConcurrentDictionary`2[TKey,TValue].GetOrAdd (TKey key, System.Func`2[T,TResult] valueFactory) [0x00034] in <1071a2cb0cb3433aae80a793c277a048>:0 
  at Microsoft.Extensions.DependencyInjection.<fd845d3f-5554-448e-8276-c390248dec8b>ServiceProvider.GetService (Microsoft.Extensions.DependencyInjection.ServiceLookup.<fd845d3f-5554-448e-8276-c390248dec8b>ServiceIdentifier serviceIdentifier, Microsoft.Extensions.DependencyInjection.ServiceLookup.<fd845d3f-5554-448e-8276-c390248dec8b>ServiceProviderEngineScope serviceProviderEngineScope) [0x0000d] in <2370cefae74842df9eff2bc38df7450a>:0 
  at Microsoft.Extensions.DependencyInjection.ServiceLookup.<fd845d3f-5554-448e-8276-c390248dec8b>ServiceProviderEngineScope.GetService (System.Type serviceType) [0x00019] in <2370cefae74842df9eff2bc38df7450a>:0 
  at Microsoft.Extensions.DependencyInjection.<03239ec6-c58a-4857-9007-88b5ce2571b7>ServiceProviderServiceExtensions.GetRequiredService (System.IServiceProvider provider, System.Type serviceType) [0x00028] in <2370cefae74842df9eff2bc38df7450a>:0 
  at Microsoft.Extensions.DependencyInjection.<03239ec6-c58a-4857-9007-88b5ce2571b7>ServiceProviderServiceExtensions.GetRequiredService[T] (System.IServiceProvider provider) [0x0000b] in <2370cefae74842df9eff2bc38df7450a>:0 
  at Coplay.Common.Logging.CoplayLoggerConfiguration+<>c__DisplayClass0_0.<AddCoplayLogging>b__0 (System.IServiceProvider provider, Serilog.<a4b2d26e-ac3b-4054-9a6c-5e3ce9a96c0b>LoggerConfiguration configuration) [0x00006] in <2370cefae74842df9eff2bc38df7450a>:0 
  at Serilog.<bd0e39ce-cb78-4e01-b06d-080935c10262>SerilogServiceCollectionExtensions+<>c__DisplayClass3_0.<AddSerilog>b__0 (System.IServiceProvider services) [0x00063] in <2370cefae74842df9eff2bc38df7450a>:0 
  at Microsoft.Extensions.DependencyInjection.ServiceLookup.<fd845d3f-5554-448e-8276-c390248dec8b>CallSiteRuntimeResolver.VisitFactory (Microsoft.Extensions.DependencyInjection.ServiceLookup.<fd845d3f-5554-448e-8276-c390248dec8b>FactoryCallSite factoryCallSite, Microsoft.Extensions.DependencyInjection.ServiceLookup.<fd845d3f-5554-448e-8276-c390248dec8b>RuntimeResolverContext context) [0x0000d] in <2370cefae74842df9eff2bc38df7450a>:0 
  at Microsoft.Extensions.DependencyInjection.ServiceLookup.<fd845d3f-5554-448e-8276-c390248dec8b>CallSiteVisitor`2[TArgument,TResult].VisitCallSiteMain (Microsoft.Extensions.DependencyInjection.ServiceLookup.<fd845d3f-5554-448e-8276-c390248dec8b>ServiceCallSite callSite, TArgument argument) [0x00023] in <2370cefae74842df9eff2bc38df7450a>:0 
  at Microsoft.Extensions.DependencyInjection.ServiceLookup.<fd845d3f-5554-448e-8276-c390248dec8b>CallSiteRuntimeResolver.VisitRootCache (Microsoft.Extensions.DependencyInjection.ServiceLookup.<fd845d3f-5554-448e-8276-c390248dec8b>ServiceCallSite callSite, Microsoft.Extensions.DependencyInjection.ServiceLookup.<fd845d3f-5554-448e-8276-c390248dec8b>RuntimeResolverContext context) [0x00061] in <2370cefae74842df9eff2bc38df7450a>:0 
  at Microsoft.Extensions.DependencyInjection.ServiceLookup.<fd845d3f-5554-448e-8276-c390248dec8b>CallSiteVisitor`2[TArgument,TResult].VisitCallSite (Microsoft.Extensions.DependencyInjection.ServiceLookup.<fd845d3f-5554-448e-8276-c390248dec8b>ServiceCallSite callSite, TArgument argument) [0x0004f] in <2370cefae74842df9eff2bc38df7450a>:0 
  at Microsoft.Extensions.DependencyInjection.ServiceLookup.<fd845d3f-5554-448e-8276-c390248dec8b>CallSiteRuntimeResolver.Resolve (Microsoft.Extensions.DependencyInjection.ServiceLookup.<fd845d3f-5554-448e-8276-c390248dec8b>ServiceCallSite callSite, Microsoft.Extensions.DependencyInjection.ServiceLookup.<fd845d3f-5554-448e-8276-c390248dec8b>ServiceProviderEngineScope scope) [0x00026] in <2370cefae74842df9eff2bc38df7450a>:0 
  at Microsoft.Extensions.DependencyInjection.<fd845d3f-5554-448e-8276-c390248dec8b>ServiceProvider.CreateServiceAccessor (Microsoft.Extensions.DependencyInjection.ServiceLookup.<fd845d3f-5554-448e-8276-c390248dec8b>ServiceIdentifier serviceIdentifier) [0x00055] in <2370cefae74842df9eff2bc38df7450a>:0 
  at System.Collections.Concurrent.ConcurrentDictionary`2[TKey,TValue].GetOrAdd (TKey key, System.Func`2[T,TResult] valueFactory) [0x00034] in <1071a2cb0cb3433aae80a793c277a048>:0 
  at Microsoft.Extensions.DependencyInjection.<fd845d3f-5554-448e-8276-c390248dec8b>ServiceProvider.GetService (Microsoft.Extensions.DependencyInjection.ServiceLookup.<fd845d3f-5554-448e-8276-c390248dec8b>ServiceIdentifier serviceIdentifier, Microsoft.Extensions.DependencyInjection.ServiceLookup.<fd845d3f-5554-448e-8276-c390248dec8b>ServiceProviderEngineScope serviceProviderEngineScope) [0x0000d] in <2370cefae74842df9eff2bc38df7450a>:0 
  at Microsoft.Extensions.DependencyInjection.ServiceLookup.<fd845d3f-5554-448e-8276-c390248dec8b>ServiceProviderEngineScope.GetService (System.Type serviceType) [0x00019] in <2370cefae74842df9eff2bc38df7450a>:0 
  at Microsoft.Extensions.DependencyInjection.<03239ec6-c58a-4857-9007-88b5ce2571b7>ServiceProviderServiceExtensions.GetRequiredService (System.IServiceProvider provider, System.Type serviceType) [0x00028] in <2370cefae74842df9eff2bc38df7450a>:0 
  at Microsoft.Extensions.DependencyInjection.<03239ec6-c58a-4857-9007-88b5ce2571b7>ServiceProviderServiceExtensions.GetRequiredService[T] (System.IServiceProvider provider) [0x0000b] in <2370cefae74842df9eff2bc38df7450a>:0 
  at Serilog.<bd0e39ce-cb78-4e01-b06d-080935c10262>SerilogServiceCollectionExtensions+<>c__DisplayClass3_0.<AddSerilog>b__2 (System.IServiceProvider services) [0x00000] in <2370cefae74842df9eff2bc38df7450a>:0 
  at Microsoft.Extensions.DependencyInjection.ServiceLookup.<fd845d3f-5554-448e-8276-c390248dec8b>CallSiteRuntimeResolver.VisitFactory (Microsoft.Extensions.DependencyInjection.ServiceLookup.<fd845d3f-5554-448e-8276-c390248dec8b>FactoryCallSite factoryCallSite, Microsoft.Extensions.DependencyInjection.ServiceLookup.<fd845d3f-5554-448e-8276-c390248dec8b>RuntimeResolverContext context) [0x0000d] in <2370cefae74842df9eff2bc38df7450a>:0 
  at Microsoft.Extensions.DependencyInjection.ServiceLookup.<fd845d3f-5554-448e-8276-c390248dec8b>CallSiteVisitor`2[TArgument,TResult].VisitCallSiteMain (Microsoft.Extensions.DependencyInjection.ServiceLookup.<fd845d3f-5554-448e-8276-c390248dec8b>ServiceCallSite callSite, TArgument argument) [0x00023] in <2370cefae74842df9eff2bc38df7450a>:0 
  at Microsoft.Extensions.DependencyInjection.ServiceLookup.<fd845d3f-5554-448e-8276-c390248dec8b>CallSiteRuntimeResolver.VisitRootCache (Microsoft.Extensions.DependencyInjection.ServiceLookup.<fd845d3f-5554-448e-8276-c390248dec8b>ServiceCallSite callSite, Microsoft.Extensions.DependencyInjection.ServiceLookup.<fd845d3f-5554-448e-8276-c390248dec8b>RuntimeResolverContext context) [0x00061] in <2370cefae74842df9eff2bc38df7450a>:0 
  at Microsoft.Extensions.DependencyInjection.ServiceLookup.<fd845d3f-5554-448e-8276-c390248dec8b>CallSiteVisitor`2[TArgument,TResult].VisitCallSite (Microsoft.Extensions.DependencyInjection.ServiceLookup.<fd845d3f-5554-448e-8276-c390248dec8b>ServiceCallSite callSite, TArgument argument) [0x0004f] in <2370cefae74842df9eff2bc38df7450a>:0 
  at Microsoft.Extensions.DependencyInjection.ServiceLookup.<fd845d3f-5554-448e-8276-c390248dec8b>CallSiteRuntimeResolver.VisitConstructor (Microsoft.Extensions.DependencyInjection.ServiceLookup.<fd845d3f-5554-448e-8276-c390248dec8b>ConstructorCallSite constructorCallSite, Microsoft.Extensions.DependencyInjection.ServiceLookup.<fd845d3f-5554-448e-8276-c390248dec8b>RuntimeResolverContext context) [0x0002c] in <2370cefae74842df9eff2bc38df7450a>:0 
  at Microsoft.Extensions.DependencyInjection.ServiceLookup.<fd845d3f-5554-448e-8276-c390248dec8b>CallSiteVisitor`2[TArgument,TResult].VisitCallSiteMain (Microsoft.Extensions.DependencyInjection.ServiceLookup.<fd845d3f-5554-448e-8276-c390248dec8b>ServiceCallSite callSite, TArgument argument) [0x0003f] in <2370cefae74842df9eff2bc38df7450a>:0 
  at Microsoft.Extensions.DependencyInjection.ServiceLookup.<fd845d3f-5554-448e-8276-c390248dec8b>CallSiteRuntimeResolver.VisitRootCache (Microsoft.Extensions.DependencyInjection.ServiceLookup.<fd845d3f-5554-448e-8276-c390248dec8b>ServiceCallSite callSite, Microsoft.Extensions.DependencyInjection.ServiceLookup.<fd845d3f-5554-448e-8276-c390248dec8b>RuntimeResolverContext context) [0x00061] in <2370cefae74842df9eff2bc38df7450a>:0 
  at Microsoft.Extensions.DependencyInjection.ServiceLookup.<fd845d3f-5554-448e-8276-c390248dec8b>CallSiteVisitor`2[TArgument,TResult].VisitCallSite (Microsoft.Extensions.DependencyInjection.ServiceLookup.<fd845d3f-5554-448e-8276-c390248dec8b>ServiceCallSite callSite, TArgument argument) [0x0004f] in <2370cefae74842df9eff2bc38df7450a>:0 
  at Microsoft.Extensions.DependencyInjection.ServiceLookup.<fd845d3f-5554-448e-8276-c390248dec8b>CallSiteRuntimeResolver.Resolve (Microsoft.Extensions.DependencyInjection.ServiceLookup.<fd845d3f-5554-448e-8276-c390248dec8b>ServiceCallSite callSite, Microsoft.Extensions.DependencyInjection.ServiceLookup.<fd845d3f-5554-448e-8276-c390248dec8b>ServiceProviderEngineScope scope) [0x00026] in <2370cefae74842df9eff2bc38df7450a>:0 
  at Microsoft.Extensions.DependencyInjection.<fd845d3f-5554-448e-8276-c390248dec8b>ServiceProvider.CreateServiceAccessor (Microsoft.Extensions.DependencyInjection.ServiceLookup.<fd845d3f-5554-448e-8276-c390248dec8b>ServiceIdentifier serviceIdentifier) [0x00055] in <2370cefae74842df9eff2bc38df7450a>:0 
  at System.Collections.Concurrent.ConcurrentDictionary`2[TKey,TValue].GetOrAdd (TKey key, System.Func`2[T,TResult] valueFactory) [0x00034] in <1071a2cb0cb3433aae80a793c277a048>:0 
  at Microsoft.Extensions.DependencyInjection.<fd845d3f-5554-448e-8276-c390248dec8b>ServiceProvider.GetService (Microsoft.Extensions.DependencyInjection.ServiceLookup.<fd845d3f-5554-448e-8276-c390248dec8b>ServiceIdentifier serviceIdentifier, Microsoft.Extensions.DependencyInjection.ServiceLookup.<fd845d3f-5554-448e-8276-c390248dec8b>ServiceProviderEngineScope serviceProviderEngineScope) [0x0000d] in <2370cefae74842df9eff2bc38df7450a>:0 
  at Microsoft.Extensions.DependencyInjection.<fd845d3f-5554-448e-8276-c390248dec8b>ServiceProvider.GetService (System.Type serviceType) [0x0000d] in <2370cefae74842df9eff2bc38df7450a>:0 
  at Microsoft.Extensions.DependencyInjection.<03239ec6-c58a-4857-9007-88b5ce2571b7>ServiceProviderServiceExtensions.GetRequiredService (System.IServiceProvider provider, System.Type serviceType) [0x00028] in <2370cefae74842df9eff2bc38df7450a>:0 
  at Microsoft.Extensions.DependencyInjection.<03239ec6-c58a-4857-9007-88b5ce2571b7>ServiceProviderServiceExtensions.GetRequiredService[T] (System.IServiceProvider provider) [0x0000b] in <2370cefae74842df9eff2bc38df7450a>:0 
  at Coplay.DependencyInjection.RootScopeServices..cctor () [0x00019] in <2370cefae74842df9eff2bc38df7450a>:0 
UnityEngine.StackTraceUtility:ExtractStackTrace ()
UnityEngine.DebugLogHandler:LogFormat (UnityEngine.LogType,UnityEngine.Object,string,object[])
UnityEngine.Logger:Log (UnityEngine.LogType,object)
UnityEngine.Debug:LogError (object)
UnityEditor.EditorAssemblies:ProcessInitializeOnLoadAttributes (System.Type[])

Mono: successfully reloaded assembly
- Finished resetting the current domain, in  1.681 seconds
Domain Reload Profiling: 3705ms
	BeginReloadAssembly (220ms)
		ExecutionOrderSort (0ms)
		DisableScriptedObjects (6ms)
		BackupInstance (0ms)
		ReleaseScriptingObjects (0ms)
		CreateAndSetChildDomain (36ms)
	RebuildCommonClasses (50ms)
	RebuildNativeTypeToScriptingClass (15ms)
	initialDomainReloadingComplete (94ms)
	LoadAllAssembliesAndSetupDomain (1645ms)
		LoadAssemblies (948ms)
		RebuildTransferFunctionScriptingTraits (0ms)
		AnalyzeDomain (827ms)
			TypeCache.Refresh (753ms)
				TypeCache.ScanAssembly (677ms)
			ScanForSourceGeneratedMonoScriptInfo (51ms)
			ResolveRequiredComponents (19ms)
	FinalizeReload (1681ms)
		ReleaseScriptCaches (0ms)
		RebuildScriptCaches (0ms)
		SetupLoadedEditorAssemblies (1381ms)
			LogAssemblyErrors (0ms)
			InitializePlatformSupportModulesInManaged (28ms)
			SetLoadedEditorAssemblies (11ms)
			RefreshPlugins (0ms)
			BeforeProcessingInitializeOnLoad (188ms)
			ProcessInitializeOnLoadAttributes (970ms)
			ProcessInitializeOnLoadMethodAttributes (176ms)
			AfterProcessingInitializeOnLoad (7ms)
			EditorAssembliesLoaded (0ms)
		ExecutionOrderSort2 (0ms)
		AwakeInstancesAfterBackupRestoration (10ms)
Launched and connected shader compiler UnityShaderCompiler.exe after 0.07 seconds
Refreshing native plugins compatible for Editor in 23.10 ms, found 4 plugins.
Preloading 0 native plugins for Editor in 0.00 ms.
Unloading 6676 Unused Serialized files (Serialized files now loaded: 0)
Unloading 41 unused Assets / (426.7 KB). Loaded Objects now: 7167.
Memory consumption went from 295.2 MB to 294.7 MB.
Total: 9.983200 ms (FindLiveObjects: 0.793400 ms CreateObjectMapping: 0.586500 ms MarkObjects: 8.177000 ms  DeleteObjects: 0.423600 ms)

AssetImportParameters requested are different than current active one (requested -> active):
  custom:container-demuxer-ogg: 62fdf1f143b41e24485cea50d1cbac27 -> 
  custom:framework-win-MediaFoundation: 216162199b28c13a410421893ffa2e32 -> 
  custom:container-muxer-webm: aa71ff27fc2769a1b78a27578f13a17b -> 
  custom:video-decoder-webm-vp8: 9c59270c3fd7afecdb556c50c9e8de78 -> 
  custom:SearchIndexIgnoredProperties: e643bd26f0fe6173181afceb89e7c659 -> 
  custom:AudioImporter_EditorPlatform: d09bf68614088b80899f8185d706f6e7 -> 
  custom:audio-decoder-ogg-vorbis: bf7c407c2cedff20999df2af8eb42d56 -> 
  custom:audio-encoder-webm-vorbis: bf7c407c2cedff20999df2af8eb42d56 -> 
  custom:video-codec-MediaFoundation-h265: 746d11721c4dcdbdad8f713fa42b33f4 -> 
  custom:video-decoder-ogg-theora: a1e56fd34408186e4bbccfd4996cb3dc -> 
  custom:CustomObjectIndexerAttribute: 72b91833f83ae208fae7752999fa3104 -> 
  custom:container-demuxer-webm: 4f35f7cbe854078d1ac9338744f61a02 -> 
  custom:video-encoder-webm-vp8: eb34c28f22e8b96e1ab97ce403110664 -> 
========================================================================
Received Import Request.
  Time since last request: 9181.810963 seconds.
  path: Assets/UI/atlas.spriteatlas
  artifactKey: Guid(e9522cfd3a970db46a50b8be0b7eba91) Importer(815301076,1909f56bfc062723c751e8b465ee728b)
Start importing Assets/UI/atlas.spriteatlas using Guid(e9522cfd3a970db46a50b8be0b7eba91) Importer(815301076,1909f56bfc062723c751e8b465ee728b) [PhysX] Initialized MultithreadedTaskDispatcher with 12 workers.
 -> (artifact id: '9e543ed117dcf7afa4010433dc673736') in 0.045983 seconds
Number of updated asset objects reloaded before import = 0
Number of asset objects unloaded after import = 1
========================================================================
Received Import Request.
  Time since last request: 0.000066 seconds.
  path: Assets/UI/cerceve2.png
  artifactKey: Guid(403efdb216567084ab2b3faffb363c8b) Importer(815301076,1909f56bfc062723c751e8b465ee728b)
Start importing Assets/UI/cerceve2.png using Guid(403efdb216567084ab2b3faffb363c8b) Importer(815301076,1909f56bfc062723c751e8b465ee728b) [PhysX] Initialized MultithreadedTaskDispatcher with 12 workers.
[PhysX] Initialized MultithreadedTaskDispatcher with 12 workers.
 -> (artifact id: 'e36751b6fb944fb056f608f003cb4112') in 0.410400 seconds
Number of updated asset objects reloaded before import = 0
Number of asset objects unloaded after import = 121
========================================================================
Received Import Request.
  Time since last request: 30.052181 seconds.
  path: Assets/UI/AYARLAR
  artifactKey: Guid(7a21c3effe23b9a41b2793d5e6399850) Importer(815301076,1909f56bfc062723c751e8b465ee728b)
Start importing Assets/UI/AYARLAR using Guid(7a21c3effe23b9a41b2793d5e6399850) Importer(815301076,1909f56bfc062723c751e8b465ee728b) [PhysX] Initialized MultithreadedTaskDispatcher with 12 workers.
 -> (artifact id: 'eaf02a29ace1d29ff027448bfc4ccfe8') in 0.000868 seconds
Number of updated asset objects reloaded before import = 0
Number of asset objects unloaded after import = 0
========================================================================
Received Import Request.
  Time since last request: 0.268099 seconds.
  path: Assets/UI/AYARLAR/button.png
  artifactKey: Guid(fec7b182ffc3c3e4994973b759b45cd6) Importer(815301076,1909f56bfc062723c751e8b465ee728b)
Start importing Assets/UI/AYARLAR/button.png using Guid(fec7b182ffc3c3e4994973b759b45cd6) Importer(815301076,1909f56bfc062723c751e8b465ee728b) [PhysX] Initialized MultithreadedTaskDispatcher with 12 workers.
[PhysX] Initialized MultithreadedTaskDispatcher with 12 workers.
 -> (artifact id: '7baa4e2b2e16340dc9fa559afa94f683') in 0.030173 seconds
Number of updated asset objects reloaded before import = 0
Number of asset objects unloaded after import = 2
========================================================================
Received Import Request.
  Time since last request: 0.000035 seconds.
  path: Assets/UI/AYARLAR/panel.png
  artifactKey: Guid(84682b2fac609e2418a63bfe4b23f76a) Importer(815301076,1909f56bfc062723c751e8b465ee728b)
Start importing Assets/UI/AYARLAR/panel.png using Guid(84682b2fac609e2418a63bfe4b23f76a) Importer(815301076,1909f56bfc062723c751e8b465ee728b) [PhysX] Initialized MultithreadedTaskDispatcher with 12 workers.
[PhysX] Initialized MultithreadedTaskDispatcher with 12 workers.
 -> (artifact id: 'b8d6cf9fc09d70ea481b0daabc4352cb') in 0.024050 seconds
Number of updated asset objects reloaded before import = 0
Number of asset objects unloaded after import = 2
========================================================================
Received Import Request.
  Time since last request: 7.641557 seconds.
  path: Assets/UI/AYARLAR/button1.png
  artifactKey: Guid(9a4c80b813809e44db8a40bb4393f337) Importer(815301076,1909f56bfc062723c751e8b465ee728b)
Start importing Assets/UI/AYARLAR/button1.png using Guid(9a4c80b813809e44db8a40bb4393f337) Importer(815301076,1909f56bfc062723c751e8b465ee728b) [PhysX] Initialized MultithreadedTaskDispatcher with 12 workers.
[PhysX] Initialized MultithreadedTaskDispatcher with 12 workers.
 -> (artifact id: 'e91e0e6d1c5a696f0ab348c0e2732a93') in 0.019691 seconds
Number of updated asset objects reloaded before import = 0
Number of asset objects unloaded after import = 3
========================================================================
Received Import Request.
  Time since last request: 0.020959 seconds.
  path: Assets/UI/AYARLAR/button.png
  artifactKey: Guid(fec7b182ffc3c3e4994973b759b45cd6) Importer(815301076,1909f56bfc062723c751e8b465ee728b)
Start importing Assets/UI/AYARLAR/button.png using Guid(fec7b182ffc3c3e4994973b759b45cd6) Importer(815301076,1909f56bfc062723c751e8b465ee728b) [PhysX] Initialized MultithreadedTaskDispatcher with 12 workers.
[PhysX] Initialized MultithreadedTaskDispatcher with 12 workers.
 -> (artifact id: '184fd0bc47537002c7f2b23916ace0ab') in 0.039071 seconds
Number of updated asset objects reloaded before import = 0
Number of asset objects unloaded after import = 3
========================================================================
Received Import Request.
  Time since last request: 4.380506 seconds.
  path: Assets/UI/Materials/sarap.mat
  artifactKey: Guid(347f9384e32b3524c85a2938bf063816) Importer(815301076,1909f56bfc062723c751e8b465ee728b)
Start importing Assets/UI/Materials/sarap.mat using Guid(347f9384e32b3524c85a2938bf063816) Importer(815301076,1909f56bfc062723c751e8b465ee728b) [PhysX] Initialized MultithreadedTaskDispatcher with 12 workers.
[PhysX] Initialized MultithreadedTaskDispatcher with 12 workers.
 -> (artifact id: '6cc2874a41cae1ce2b78eecb5d08407f') in 0.377166 seconds
Number of updated asset objects reloaded before import = 0
Number of asset objects unloaded after import = 21
========================================================================
Received Import Request.
  Time since last request: 1.681374 seconds.
  path: Assets/UI/pause/pause menu.png
  artifactKey: Guid(b1a9d34ac6adecb41870915eb7479774) Importer(815301076,1909f56bfc062723c751e8b465ee728b)
Start importing Assets/UI/pause/pause menu.png using Guid(b1a9d34ac6adecb41870915eb7479774) Importer(815301076,1909f56bfc062723c751e8b465ee728b) [PhysX] Initialized MultithreadedTaskDispatcher with 12 workers.
[PhysX] Initialized MultithreadedTaskDispatcher with 12 workers.
 -> (artifact id: '3a135f21ebbb67aee8257408392fdcf2') in 0.021599 seconds
Number of updated asset objects reloaded before import = 0
Number of asset objects unloaded after import = 2
========================================================================
Received Import Request.
  Time since last request: 5.013961 seconds.
  path: Assets/UI/pause/pause menu button.png
  artifactKey: Guid(9ac7a0fead84dcf409e62127ef7cfc92) Importer(815301076,1909f56bfc062723c751e8b465ee728b)
Start importing Assets/UI/pause/pause menu button.png using Guid(9ac7a0fead84dcf409e62127ef7cfc92) Importer(815301076,1909f56bfc062723c751e8b465ee728b) [PhysX] Initialized MultithreadedTaskDispatcher with 12 workers.
[PhysX] Initialized MultithreadedTaskDispatcher with 12 workers.
 -> (artifact id: '21cca3554997479916c1aa2fa9aed2aa') in 0.020870 seconds
Number of updated asset objects reloaded before import = 0
Number of asset objects unloaded after import = 3
========================================================================
Received Import Request.
  Time since last request: 0.018848 seconds.
  path: Assets/UI/pause/pause menu.png
  artifactKey: Guid(b1a9d34ac6adecb41870915eb7479774) Importer(815301076,1909f56bfc062723c751e8b465ee728b)
Start importing Assets/UI/pause/pause menu.png using Guid(b1a9d34ac6adecb41870915eb7479774) Importer(815301076,1909f56bfc062723c751e8b465ee728b) [PhysX] Initialized MultithreadedTaskDispatcher with 12 workers.
[PhysX] Initialized MultithreadedTaskDispatcher with 12 workers.
 -> (artifact id: '38804549790baa436dc67f5f965a5233') in 0.025111 seconds
Number of updated asset objects reloaded before import = 0
Number of asset objects unloaded after import = 3
========================================================================
Received Import Request.
  Time since last request: 13.559452 seconds.
  path: Assets/UI/atlas.spriteatlas
  artifactKey: Guid(e9522cfd3a970db46a50b8be0b7eba91) Importer(815301076,1909f56bfc062723c751e8b465ee728b)
Start importing Assets/UI/atlas.spriteatlas using Guid(e9522cfd3a970db46a50b8be0b7eba91) Importer(815301076,1909f56bfc062723c751e8b465ee728b) [PhysX] Initialized MultithreadedTaskDispatcher with 12 workers.
 -> (artifact id: 'b3563ba209b6c43f6ab9236a53ebcd90') in 0.002184 seconds
Number of updated asset objects reloaded before import = 0
Number of asset objects unloaded after import = 1
========================================================================
Received Import Request.
  Time since last request: 0.020677 seconds.
  path: Assets/UI/cerceve2.png
  artifactKey: Guid(403efdb216567084ab2b3faffb363c8b) Importer(815301076,1909f56bfc062723c751e8b465ee728b)
Start importing Assets/UI/cerceve2.png using Guid(403efdb216567084ab2b3faffb363c8b) Importer(815301076,1909f56bfc062723c751e8b465ee728b) [PhysX] Initialized MultithreadedTaskDispatcher with 12 workers.
[PhysX] Initialized MultithreadedTaskDispatcher with 12 workers.
 -> (artifact id: '321d626564d53f20a9e381ece8fe638e') in 0.146501 seconds
Number of updated asset objects reloaded before import = 0
Number of asset objects unloaded after import = 131
========================================================================
Received Import Request.
  Time since last request: 273.140297 seconds.
  path: Assets/UI/pause/pause menu button.png
  artifactKey: Guid(9ac7a0fead84dcf409e62127ef7cfc92) Importer(815301076,1909f56bfc062723c751e8b465ee728b)
Start importing Assets/UI/pause/pause menu button.png using Guid(9ac7a0fead84dcf409e62127ef7cfc92) Importer(815301076,1909f56bfc062723c751e8b465ee728b) [PhysX] Initialized MultithreadedTaskDispatcher with 12 workers.
[PhysX] Initialized MultithreadedTaskDispatcher with 12 workers.
 -> (artifact id: 'ca6e5788c6f70b6deb6ecc3b8f6b220b') in 0.026696 seconds
Number of updated asset objects reloaded before import = 0
Number of asset objects unloaded after import = 3
========================================================================
Received Import Request.
  Time since last request: 229.655247 seconds.
  path: Assets/UI/cerceve2.png
  artifactKey: Guid(403efdb216567084ab2b3faffb363c8b) Importer(815301076,1909f56bfc062723c751e8b465ee728b)
Start importing Assets/UI/cerceve2.png using Guid(403efdb216567084ab2b3faffb363c8b) Importer(815301076,1909f56bfc062723c751e8b465ee728b) [PhysX] Initialized MultithreadedTaskDispatcher with 12 workers.
[PhysX] Initialized MultithreadedTaskDispatcher with 12 workers.
 -> (artifact id: 'e6c14249e7e5b2091fe2ecc910eee152') in 0.151750 seconds
Number of updated asset objects reloaded before import = 0
Number of asset objects unloaded after import = 131
